{
   "Tables" : {
      "contract" : {
         "co" : {
            "OUTPUT" : {
               "contractOrigin" : {
                  "-1" : "contractOrigin"
               },
               "contractID" : {
                  "-1" : "ID"
               }
            },
            "SORT" : {
               "contractDate" : "ASC"
            },
            "CONDITION" : {
               "companyCode" : {
                  "comp.companyCode" : "JOIN_TYPE_STRAIGHT"
               },
               "contractType" : {
                  "C" : "JOIN_TYPE_STRAIGHT"
               },
               "contractID" : {
                  "0" : "JOIN_TYPE_STRAIGHT"
               }
            }
         }
      },
      "company" : {
         "comp" : {
            "OUTPUT" : {
               "companyName" : {
                  "-1" : "companyName"
               }
            }
         }
      }
   }
}