{
   "Tables" : {
      "contrat" : {
         "co" : {
            "OUTPUT" : {
               "contractID" : {
                  "-1" : "ID"
               }
            },
            "CONDITION" : {
               "companyCode" : {
                  "comp.companyCode" : "JOIN_TYPE_STRAIGHT"
               }
            }
         }
      },
      "company" : {
         "comp" : {
            "OUTPUT" : {
               "companyName" : {
                  "-1" : "companyName"
               }
            }
         }
      }
   }
}