{
	"Functions" : {
		"my_interval" : {
			"to" : "OUTPUT",
			"name" : "interval",
			"alias" : "my_interval",
			"Constants" : {
				"1" : "1",
				"2" : "2",
				"3" : "3",
				"4" : "4"
			}
		}
	}
}
