{
	"Tables" : {
		"b" : {
			"b" : {
				"OUTPUT" : {
					"a" : {
						"-1" : "a"
					}
				}
			}
		}
	},
	"Options" : {
		"SELECT_DISTINCT" : 1,
		"TL_WRITE" : 1,
		"OPTION_FOUND_ROWS" : 1,
		"OPTION_TO_QUERY_CACHE" : 1,
		"SELECT_STRAIGHT_JOIN" : 1,
		"TL_READ_HIGH_PRIORITY" : 1,
		"OPTION_BUFFER_RESULT" : 1,
		"SQL_NO_CACHE" : 1,
		"SELECT_SMALL_RESULT" : 1
	}
}