{
   "Warning" : {
      "No alias" : {
         "tvid" : "ORDER"
      }
   },
   "Tables" : {
      "lentus" : {
         "l" : {
            "OUTPUT" : {
               "finish_date" : {
                  "-1" : "finish_date"
               },
               "event" : {
                  "-1" : "event1"
               }
            },
            "CONDITION" : {
               "event" : {
                  "Finished" : "JOIN_TYPE_STRAIGHT"
               }
            }
         },
         "l2" : {
            "OUTPUT" : {
               "event" : {
                  "-1" : "event2"
               }
            }
         }
      },
      "postal_groups" : {
         "pg" : {
            "OUTPUT" : {
               "abrev" : {
                  "-1" : "Area"
               }
            }
         }
      },
      "twin_project" : {
         "tp" : {
            "CONDITION" : {
               "survey_no" : {
                  "5" : "JOIN_TYPE_STRAIGHT"
               }
            }
         }
      },
      "harmony" : {
         "h2" : {
            "OUTPUT" : {
               "nurse" : {
                  "-1" : "nurse2"
               },
               "doctor" : {
                  "-1" : "doctor2"
               }
            }
         }
      },
      "person_data" : {
         "p2" : {
            "OUTPUT" : {
               "dead" : {
                  "-1" : "dead2"
               }
            },
            "CONDITION" : {
               "id" : {
                  "p1.id" : "JOIN_TYPE_STRAIGHT"
               },
               "ptvab" : {
                  "p1.tvab" : "JOIN_TYPE_STRAIGHT"
               }
            }
         },
         "p1" : {
            "OUTPUT" : {
               "city" : {
                  "-1" : "City"
               },
               "tvab" : {
                  "tvid" : "tvab"
               },
               "dead" : {
                  "-1" : "dead1"
               },
               "postal_code" : {
                  "-1" : "Code"
               },
               "id" : {
                  "tvid" : "id"
               },
               "surname" : {
                  "Name" : "surname"
               },
               "christian_name" : {
                  "Name" : "christian_name"
               }
            },
            "CONDITION" : {
               "tvab" : {
                  "tp.tvab" : "JOIN_TYPE_STRAIGHT"
               },
               "postal_code" : {
                  "2" : "JOIN_TYPE_STRAIGHT"
               },
               "id" : {
                  "tp.id" : "JOIN_TYPE_STRAIGHT"
               }
            }
         }
      },
      "twin_data" : {
         "td2" : {
            "OUTPUT" : {
               "severe" : {
                  "-1" : "tsevere2"
               },
               "suspect" : {
                  "-1" : "tsuspect2"
               }
            }
         },
         "td" : {
            "OUTPUT" : {
               "severe" : {
                  "-1" : "tsevere1"
               },
               "suspect" : {
                  "-1" : "tsuspect1"
               },
               "participation" : {
                  "3" : "participation"
               }
            }
         }
      },
      "informant_data" : {
         "id2" : {
            "OUTPUT" : {
               "severe" : {
                  "-1" : "isevere2"
               },
               "suspect" : {
                  "-1" : "isuspect2"
               }
            }
         },
         "id" : {
            "OUTPUT" : {
               "severe" : {
                  "-1" : "isevere1"
               },
               "suspect" : {
                  "-1" : "isuspect1"
               }
            }
         }
      }
   },
   "Functions" : {
      "A" : {
         "to" : "OUTPUT",
         "Constants" : {
            "A" : "A",
            " " : " "
         },
         "name" : "if",
         "alias" : "A"
      },
      "3" : {
         "to" : "A",
         "Constants" : {
            "Aborted" : "Aborted"
         },
         "name" : "=",
         "alias" : "3"
      },
      "tvid" : {
         "to" : "OUTPUT",
         "name" : "concat",
         "alias" : "tvid"
      },
      "Name" : {
         "to" : "OUTPUT",
         "Constants" : {
            " " : " "
         },
         "name" : "concat",
         "alias" : "Name"
      }
   }
}