{
	"Tables":{
		"table1":{
			"table1":{
				"OUTPUT":{
					"*":{
						"-1":"*"
					}
				}
			}
		}
	}
}
