{
  "Warning": {
    "No alias": {
      "ltrim": ["function", "SELECT"]
    }
  },
  "Functions": {
    "0": {
      "to": "OUTPUT",
      "Constants": {
        "x": "x",
        "xxxbarxxx": "xxxbarxxx"
      },
      "name": "ltrim",
      "alias": "0"
    }
  }
}
