{
   "Warning" : {
      "No alias" : {
         "set_user_var" : "SELECT"
      }
   },
   "Functions" : {
      "0" : {
         "to" : "OUTPUT",
         "Constants" : {
            "1" : "1",
            "a" : "a"
         },
         "name" : "set_user_var",
         "alias" : "0"
      }
   }
}
