{
  "Warning": {
    "No alias": {
      "convert": ["function", "SELECT"]
    }
  },
  "Functions": {
    "0": {
      "to": "OUTPUT",
      "Constants": {
        "string": "string"
      },
      "name": "convert",
      "alias": "0"
    }
  }
}
