{
   "Warning" : {
      "No alias" : {
         "like" : ["function", "SELECT"]
      }
   },
   "Tables" : {
      "" : {
         "" : {
            "OUTPUT" : {
               "expr" : {
                  "0" : "expr"
               }
            }
         }
      }
   },
   "Functions" : {
      "0" : {
         "to" : "OUTPUT",
         "Constants" : {
            "|" : "|",
            "%test_" : "%test_"
         },
         "name" : "like",
         "alias" : "0"
      }
   }
}
