{
  "warning": {
    "No alias": {
      "date_add_interval": ["function", "SELECT"]
    }
  },
  "functions": {
    "0": {
      "to": "output",
      "constants": {
        "interval_day": "interval_day",
        "31": "31",
        "1998-01-02": "1998-01-02"
      },
      "name": "date_add_interval",
      "alias": "0"
    }
  }
}