{
   "Warning" : {
      "No alias" : {
         "get_system_var" : "SELECT"
      }
   },
   "Functions" : {
      "0" : {
         "to" : "OUTPUT",
         "Constants" : {
            "cold_cache.key_cache_block_size" : "cold_cache.key_cache_block_size"
         },
         "name" : "get_system_var",
         "alias" : "0"
      }
   },
	"Options" : {
		"SQL_NO_CACHE" : 1
	}
}
