{
  "Warning": {
    "No alias": {
      "get_format": ["function", "SELECT"]
    }
  },
  "Functions": {
    "0": {
      "to": "OUTPUT",
      "Constants": {
        "INTERNAL": "INTERNAL"
      },
      "name": "get_format",
      "alias": "0"
    }
  }
}