{"error":"for performance and security reasons, squt does not allow queries longer than 2000 characters"}
