{
   "Subqueries" : {
      "0" : {
         "SubqueryType" : null,
         "Tables" : {
            "table1" : {
               "table1" : {
                  "OUTPUT" : {
                     "field1" : {
                        "-1" : "field1"
                     }
                  },
                  "CONDITION" : {
                     "cond1" : {
                        "EXISTS" : "1"
                     }
                  }
               }
            }
         },
         "SubqueryAlias" : "derived1"
      }
   }
}
