{
   "Warning" : {
      "No alias" : {
         "get_user_var" : "SELECT"
      }
   },
   "Functions" : {
      "0" : {
         "to" : "OUTPUT",
         "Constants" : {
            "a" : "a"
         },
         "name" : "get_user_var",
         "alias" : "0"
      }
   },
	"Options" : {
		"SQL_NO_CACHE" : 1
	}
}
