{
   "Tables" : {
      "table1" : {
         "table1" : {
            "OUTPUT" : {
               "*" : {
                  "-1" : "*"
               }
            },
            "CONDITION" : {
               "field1" : {
                  "JOIN" : {
                     "table2.field1" : "JOIN_TYPE_LEFT"
                  }
               }
            }
         }
      },
      "table2" : {
         "table2" : {
            "OUTPUT" : {
               "*" : {
                  "-1" : "*"
               }
            }
         }
      }
   }
}
