{
  "Warning": {
    "No alias": {
      "round": ["function", "SELECT"]
    }
  },
  "Functions": {
    "0": {
      "to": "OUTPUT",
      "Constants": {
        "1": "1",
        "2": "2"
      },
      "name": "round",
      "alias": "0"
    }
  }
}