{
	"Constants" : {
		"0" : {
			"to" : "OUTPUT",
			"alias" : "1",
			"value" : "1"
		},
		"1" : {
			"value" : "1",
			"to" : "OUTPUT",
			"alias" : "1"
		}
	}
}
