{
  "warning": {
    "no alias": {
      "date_add_interval": "select"
    }
  },
  "functions": {
    "0": {
      "to": "output",
      "constants": {
        "1": "1",
        "interval_second": "interval_second",
        "1997-12-31 23:59:59": "1997-12-31 23:59:59"
      },
      "name": "date_add_interval",
      "alias": "0"
    }
  }
}