{"error":"you have an error in your sql syntax; check the manual that corresponds to your mysql server version for the right syntax to use near 'from where' at line 1"}
