{
   "Functions" : {
      "1" : {
         "to" : "NOWHERE",
         "name" : ">",
         "Constants" : {
            "0" : "0"
         }
      },
      "0" : {
         "to" : "NOWHERE",
         "name" : "=",
         "Constants" : {
            "C" : "C"
         }
      },
      "2" : {
         "to" : "NOWHERE",
         "name" : "="
      }
   },
   "Tables" : {
      "Company" : {
         "comp" : {
            "OUTPUT" : {
               "companyCode" : {
                  "2" : "companyCode"
               },
               "companyName" : {
                  "-1" : "companyName"
               }
            }
         }
      },
      "Contract" : {
         "co" : {
            "OUTPUT" : {
               "companyCode" : {
                  "2" : "companyCode"
               },
               "contractOrigin" : {
                  "-1" : "contractOrigin"
               },
               "contractType" : {
                  "0" : "contractType"
               },
               "contractID" : {
                  "1" : "contractID",
                  "-1" : "ID"
               }
            },
            "SORT" : {
               "contractDate" : "ASC"
            }
         }
      }
   }
}
