{
   "Tables" : {
      "b" : {
         "b" : {
            "OUTPUT" : {
               "a" : {
                  "-1" : "a"
               }
            }
         }
      }
   }
}